Attaching 1 probe...
{"ustack.rb:22":"`<main>'","base.rb:37":"`block (2 levels) in istall'","ustack.rb:9":"`poke'","ustack.rb:19":"`block in <main>","ustack.rb:25":"`block in <main>'"}
